// Jest Snapshot v1, https://goo.gl/fbAQLP

exports[`snapshot testing 1`] = `
<label
  className="MuiFormControlLabel-root"
>
  <span
    aria-disabled={false}
    className="MuiButtonBase-root MuiIconButton-root PrivateSwitchBase-root-13 MuiCheckbox-root MuiCheckbox-colorPrimary PrivateSwitchBase-checked-14 Mui-checked MuiIconButton-colorPrimary"
    onBlur={[Function]}
    onDragLeave={[Function]}
    onFocus={[Function]}
    onKeyDown={[Function]}
    onKeyUp={[Function]}
    onMouseDown={[Function]}
    onMouseLeave={[Function]}
    onMouseUp={[Function]}
    onTouchEnd={[Function]}
    onTouchMove={[Function]}
    onTouchStart={[Function]}
    tabIndex={null}
  >
    <span
      className="MuiIconButton-label"
    >
      <input
        checked={true}
        className="PrivateSwitchBase-input-16"
        data-indeterminate={false}
        disabled={false}
        onChange={[Function]}
        type="checkbox"
        value="Lined"
      />
      <svg
        aria-hidden="true"
        className="MuiSvgIcon-root"
        focusable="false"
        role="presentation"
        viewBox="0 0 24 24"
      >
        <path
          d="M19 3H5c-1.11 0-2 .9-2 2v14c0 1.1.89 2 2 2h14c1.11 0 2-.9 2-2V5c0-1.1-.89-2-2-2zm-9 14l-5-5 1.41-1.41L10 14.17l7.59-7.59L19 8l-9 9z"
        />
      </svg>
    </span>
  </span>
  <span
    className="MuiTypography-root MuiFormControlLabel-label MuiTypography-body1"
  >
    Lined
  </span>
</label>
`;
